<html>
<body>
<pre>
<h1>µVision Build Log</h1>
<h2>Tool Versions:</h2>
IDE-Version: ¦ÌVision V5.27.1.0
Copyright (C) 2019 ARM Ltd and ARM Germany GmbH. All rights reserved.
License Information: 1 geehy, 1, LIC=585FJ-UY12Q-Y8GFK-ZEGSC-SA4N9-JPDGM
 
Tool Versions:
Toolchain:       MDK-ARM Plus  Version: 5.27.1.0
Toolchain Path:  D:\Keil_v5\ARM\ARMCC\Bin
C Compiler:      Armcc.exe V5.06 update 6 (build 750)
Assembler:       Armasm.exe V5.06 update 6 (build 750)
Linker/Locator:  ArmLink.exe V5.06 update 6 (build 750)
Library Manager: ArmAr.exe V5.06 update 6 (build 750)
Hex Converter:   FromElf.exe V5.06 update 6 (build 750)
CPU DLL:         SARMCM3.DLL V5.27.1.0
Dialog DLL:      DCM.DLL V1.17.2.0
Target DLL:      UL2CM3.DLL V1.162.15.0
Dialog DLL:      TCM.DLL V1.36.1.0
 
<h2>Project:</h2>
D:\Desktop\APM32E103_PCF8563\Examples\PCF8563\Project\MDK\PCF8563.uvprojx
Project File Date:  12/07/2022

<h2>Output:</h2>
*** Using Compiler 'V5.06 update 6 (build 750)', folder: 'D:\Keil_v5\ARM\ARMCC\Bin'
Build target 'PCF8563'
assembling startup_apm32e10x_hd.s...
compiling apm32e10x_can.c...
compiling apm32e10x_crc.c...
compiling apm32e10x_dac.c...
compiling apm32e10x_adc.c...
compiling apm32e10x_bakpr.c...
compiling system_apm32e10x.c...
compiling apm32e10x_dbgmcu.c...
compiling apm32e10x_eint.c...
compiling apm32e10x_dmc.c...
compiling apm32e10x_fmc.c...
compiling apm32e10x_dma.c...
compiling apm32e10x_gpio.c...
compiling apm32e10x_i2c.c...
compiling apm32e10x_iwdt.c...
compiling apm32e10x_misc.c...
compiling apm32e10x_pmu.c...
compiling apm32e10x_rcm.c...
compiling apm32e10x_rtc.c...
compiling apm32e10x_sci2c.c...
compiling apm32e10x_sdio.c...
compiling apm32e10x_smc.c...
compiling apm32e10x_spi.c...
compiling apm32e10x_tmr.c...
compiling apm32e10x_usart.c...
compiling apm32e10x_usb.c...
compiling apm32e10x_wwdt.c...
compiling Board.c...
compiling apm32e10x_int.c...
compiling delay.c...
compiling main.c...
compiling PCF8563.c...
linking...
Program Size: Code=2136 RO-data=356 RW-data=20 ZI-data=1644  
".\Objects\PCF8563.axf" - 0 Error(s), 0 Warning(s).

<h2>Software Packages used:</h2>

Package Vendor: Geehy
                https://www.geehy.com/uploads/tool/Geehy.APM32E1xx_DFP.1.0.0.pack
                Geehy.APM32E1xx_DFP.1.0.0
                Geehy Semiconductor APM32E1 Series Device Support, Drivers and Examples

<h2>Collection of Component include folders:</h2>
  .\RTE\_PCF8563
  D:\Arm\Packs\Geehy\APM32E1xx_DFP\1.0.0\Device\Include

<h2>Collection of Component Files used:</h2>
Build Time Elapsed:  00:00:12
</pre>
</body>
</html>
